◇ injected env (6) from .env // tip: ◈ secrets for agents [www.dotenvx.com]
Stripe configured: true
AUTH_SERVER_URL is set to: http://localhost:3000
Connected to MongoDB!
Server running on port 5000
Restarting 'index.js'
◇ injected env (6) from .env // tip: ⌁ auth for agents [www.vestauth.com]
Stripe configured: true
AUTH_SERVER_URL is set to: http://localhost:3000
Connected to MongoDB!
Server running on port 5000
JWT verify failed: Unsupported "alg" value for a JSON Web Key Set
JWT verify failed: Unsupported "alg" value for a JSON Web Key Set
JWT verify failed: Unsupported "alg" value for a JSON Web Key Set
JWT verify failed: Unsupported "alg" value for a JSON Web Key Set
Restarting 'index.js'
◇ injected env (6) from .env // tip: ⌘ suppress logs { quiet: true }
Stripe configured: true
AUTH_SERVER_URL is set to: http://localhost:3000
Connected to MongoDB!
Server running on port 5000
verifyToken: attempting jwtVerify (source=cookie:__Secure-better-auth.session_data)
verifyToken: jwtVerify initial failed, retrying with forced JWKS refresh
JWT verify failed: Unsupported "alg" value for a JSON Web Key Set
verifyToken: attempting jwtVerify (source=cookie:__Secure-better-auth.session_data)
verifyToken: jwtVerify initial failed, retrying with forced JWKS refresh
JWT verify failed: Unsupported "alg" value for a JSON Web Key Set
verifyToken: attempting jwtVerify (source=cookie:__Secure-better-auth.session_data)
verifyToken: jwtVerify initial failed, retrying with forced JWKS refresh
JWT verify failed: Unsupported "alg" value for a JSON Web Key Set
verifyToken: attempting jwtVerify (source=cookie:__Secure-better-auth.session_data)
verifyToken: jwtVerify initial failed, retrying with forced JWKS refresh
JWT verify failed: Unsupported "alg" value for a JSON Web Key Set
verifyToken: attempting jwtVerify (source=cookie:__Secure-better-auth.session_data)
verifyToken: jwtVerify initial failed, retrying with forced JWKS refresh
JWT verify failed: Unsupported "alg" value for a JSON Web Key Set
verifyToken: attempting jwtVerify (source=cookie:__Secure-better-auth.session_data)
verifyToken: jwtVerify initial failed, retrying with forced JWKS refresh
JWT verify failed: Unsupported "alg" value for a JSON Web Key Set
verifyToken: attempting jwtVerify (source=cookie:__Secure-better-auth.session_data)
verifyToken: jwtVerify initial failed, retrying with forced JWKS refresh
JWT verify failed: Unsupported "alg" value for a JSON Web Key Set
verifyToken: attempting jwtVerify (source=cookie:__Secure-better-auth.session_data)
verifyToken: jwtVerify initial failed, retrying with forced JWKS refresh
JWT verify failed: Unsupported "alg" value for a JSON Web Key Set
verifyToken: attempting jwtVerify (source=cookie:__Secure-better-auth.session_data)
verifyToken: jwtVerify initial failed, retrying with forced JWKS refresh
JWT verify failed: Unsupported "alg" value for a JSON Web Key Set
verifyToken: attempting jwtVerify (source=cookie:__Secure-better-auth.session_data)
verifyToken: jwtVerify initial failed, retrying with forced JWKS refresh
JWT verify failed: Unsupported "alg" value for a JSON Web Key Set
verifyToken: attempting jwtVerify (source=cookie:__Secure-better-auth.session_data)
verifyToken: jwtVerify initial failed, retrying with forced JWKS refresh
verifyToken: attempting jwtVerify (source=cookie:__Secure-better-auth.session_data)
JWT verify failed: Unsupported "alg" value for a JSON Web Key Set
verifyToken: jwtVerify initial failed, retrying with forced JWKS refresh
verifyToken: attempting jwtVerify (source=cookie:__Secure-better-auth.session_data)
JWT verify failed: Unsupported "alg" value for a JSON Web Key Set
verifyToken: jwtVerify initial failed, retrying with forced JWKS refresh
verifyToken: attempting jwtVerify (source=cookie:__Secure-better-auth.session_data)
JWT verify failed: Unsupported "alg" value for a JSON Web Key Set
verifyToken: jwtVerify initial failed, retrying with forced JWKS refresh
JWT verify failed: Unsupported "alg" value for a JSON Web Key Set
verifyToken: attempting jwtVerify (source=cookie:__Secure-better-auth.session_data)
verifyToken: jwtVerify initial failed, retrying with forced JWKS refresh
JWT verify failed: Unsupported "alg" value for a JSON Web Key Set
verifyToken: attempting jwtVerify (source=cookie:__Secure-better-auth.session_data)
verifyToken: jwtVerify initial failed, retrying with forced JWKS refresh
JWT verify failed: Unsupported "alg" value for a JSON Web Key Set
verifyToken: attempting jwtVerify (source=cookie:__Secure-better-auth.session_data)
verifyToken: jwtVerify initial failed, retrying with forced JWKS refresh
JWT verify failed: Unsupported "alg" value for a JSON Web Key Set
verifyToken: attempting jwtVerify (source=cookie:__Secure-better-auth.session_data)
verifyToken: jwtVerify initial failed, retrying with forced JWKS refresh
JWT verify failed: Unsupported "alg" value for a JSON Web Key Set
verifyToken: attempting jwtVerify (source=cookie:__Secure-better-auth.session_data)
verifyToken: jwtVerify initial failed, retrying with forced JWKS refresh
JWT verify failed: Unsupported "alg" value for a JSON Web Key Set
verifyToken: attempting jwtVerify (source=cookie:__Secure-better-auth.session_data)
verifyToken: jwtVerify initial failed, retrying with forced JWKS refresh
JWT verify failed: Unsupported "alg" value for a JSON Web Key Set
verifyToken: attempting jwtVerify (source=cookie:__Secure-better-auth.session_data)
verifyToken: jwtVerify initial failed, retrying with forced JWKS refresh
JWT verify failed: Unsupported "alg" value for a JSON Web Key Set
verifyToken: attempting jwtVerify (source=cookie:__Secure-better-auth.session_data)
verifyToken: jwtVerify initial failed, retrying with forced JWKS refresh
JWT verify failed: Unsupported "alg" value for a JSON Web Key Set
verifyToken: attempting jwtVerify (source=cookie:__Secure-better-auth.session_data)
verifyToken: jwtVerify initial failed, retrying with forced JWKS refresh
JWT verify failed: Unsupported "alg" value for a JSON Web Key Set
verifyToken: attempting jwtVerify (source=cookie:__Secure-better-auth.session_data)
verifyToken: jwtVerify initial failed, retrying with forced JWKS refresh
JWT verify failed: Unsupported "alg" value for a JSON Web Key Set
verifyToken: attempting jwtVerify (source=cookie:__Secure-better-auth.session_data)
verifyToken: jwtVerify initial failed, retrying with forced JWKS refresh
JWT verify failed: Unsupported "alg" value for a JSON Web Key Set
verifyToken: attempting jwtVerify (source=cookie:__Secure-better-auth.session_data)
verifyToken: jwtVerify initial failed, retrying with forced JWKS refresh
JWT verify failed: Unsupported "alg" value for a JSON Web Key Set
verifyToken: attempting jwtVerify (source=cookie:__Secure-better-auth.session_data)
verifyToken: jwtVerify initial failed, retrying with forced JWKS refresh
JWT verify failed: Unsupported "alg" value for a JSON Web Key Set
verifyToken: attempting jwtVerify (source=cookie:__Secure-better-auth.session_data)
verifyToken: jwtVerify initial failed, retrying with forced JWKS refresh
JWT verify failed: Unsupported "alg" value for a JSON Web Key Set
verifyToken: attempting jwtVerify (source=cookie:__Secure-better-auth.session_data)
verifyToken: jwtVerify initial failed, retrying with forced JWKS refresh
JWT verify failed: Unsupported "alg" value for a JSON Web Key Set
verifyToken: attempting jwtVerify (source=cookie:__Secure-better-auth.session_data)
verifyToken: jwtVerify initial failed, retrying with forced JWKS refresh
JWT verify failed: Unsupported "alg" value for a JSON Web Key Set
verifyToken: attempting jwtVerify (source=cookie:__Secure-better-auth.session_data)
verifyToken: jwtVerify initial failed, retrying with forced JWKS refresh
verifyToken: attempting jwtVerify (source=cookie:__Secure-better-auth.session_data)
JWT verify failed: Unsupported "alg" value for a JSON Web Key Set
verifyToken: jwtVerify initial failed, retrying with forced JWKS refresh
JWT verify failed: Unsupported "alg" value for a JSON Web Key Set
verifyToken: attempting jwtVerify (source=cookie:__Secure-better-auth.session_data)
verifyToken: jwtVerify initial failed, retrying with forced JWKS refresh
JWT verify failed: Unsupported "alg" value for a JSON Web Key Set
verifyToken: attempting jwtVerify (source=cookie:__Secure-better-auth.session_data)
verifyToken: jwtVerify initial failed, retrying with forced JWKS refresh
JWT verify failed: Unsupported "alg" value for a JSON Web Key Set
verifyToken: attempting jwtVerify (source=cookie:__Secure-better-auth.session_data)
verifyToken: jwtVerify initial failed, retrying with forced JWKS refresh
JWT verify failed: Unsupported "alg" value for a JSON Web Key Set
verifyToken: attempting jwtVerify (source=cookie:__Secure-better-auth.session_data)
verifyToken: jwtVerify initial failed, retrying with forced JWKS refresh
JWT verify failed: Unsupported "alg" value for a JSON Web Key Set
verifyToken: attempting jwtVerify (source=cookie:__Secure-better-auth.session_data)
verifyToken: jwtVerify initial failed, retrying with forced JWKS refresh
JWT verify failed: Unsupported "alg" value for a JSON Web Key Set
verifyToken: attempting jwtVerify (source=cookie:__Secure-better-auth.session_data)
verifyToken: jwtVerify initial failed, retrying with forced JWKS refresh
JWT verify failed: Unsupported "alg" value for a JSON Web Key Set
verifyToken: attempting jwtVerify (source=cookie:__Secure-better-auth.session_data)
verifyToken: jwtVerify initial failed, retrying with forced JWKS refresh
JWT verify failed: Unsupported "alg" value for a JSON Web Key Set
verifyToken: attempting jwtVerify (source=cookie:__Secure-better-auth.session_data)
verifyToken: jwtVerify initial failed, retrying with forced JWKS refresh
JWT verify failed: Unsupported "alg" value for a JSON Web Key Set
verifyToken: attempting jwtVerify (source=cookie:__Secure-better-auth.session_data)
verifyToken: jwtVerify initial failed, retrying with forced JWKS refresh
JWT verify failed: Unsupported "alg" value for a JSON Web Key Set
verifyToken: attempting jwtVerify (source=cookie:__Secure-better-auth.session_data)
verifyToken: jwtVerify initial failed, retrying with forced JWKS refresh
JWT verify failed: Unsupported "alg" value for a JSON Web Key Set
verifyToken: attempting jwtVerify (source=cookie:__Secure-better-auth.session_data)
verifyToken: jwtVerify initial failed, retrying with forced JWKS refresh
JWT verify failed: Unsupported "alg" value for a JSON Web Key Set
verifyToken: attempting jwtVerify (source=cookie:__Secure-better-auth.session_data)
verifyToken: jwtVerify initial failed, retrying with forced JWKS refresh
JWT verify failed: Unsupported "alg" value for a JSON Web Key Set
verifyToken: attempting jwtVerify (source=cookie:__Secure-better-auth.session_data)
verifyToken: jwtVerify initial failed, retrying with forced JWKS refresh
JWT verify failed: Unsupported "alg" value for a JSON Web Key Set
Restarting 'index.js'
Restarting 'index.js'
◇ injected env (6) from .env // tip: ◈ secrets for agents [www.dotenvx.com]
Stripe configured: true
AUTH_SERVER_URL is set to: http://localhost:3000
Restarting 'index.js'
◇ injected env (6) from .env // tip: ⌘ suppress logs { quiet: true }
Stripe configured: true
AUTH_SERVER_URL is set to: http://localhost:3000
Connected to MongoDB!
Server running on port 5000
verifyToken: attempting jwtVerify (source=cookie:__Secure-better-auth.session_data)
verifyToken: jwtVerify initial failed, retrying with forced JWKS refresh
JWT verify failed: Unsupported "alg" value for a JSON Web Key Set
verifyToken: attempting jwtVerify (source=cookie:__Secure-better-auth.session_data)
verifyToken: jwtVerify initial failed, retrying with forced JWKS refresh
JWT verify failed: Unsupported "alg" value for a JSON Web Key Set
verifyToken: attempting jwtVerify (source=cookie:__Secure-better-auth.session_data)
verifyToken: jwtVerify initial failed, retrying with forced JWKS refresh
JWT verify failed: Unsupported "alg" value for a JSON Web Key Set
verifyToken: attempting jwtVerify (source=cookie:__Secure-better-auth.session_data)
verifyToken: jwtVerify initial failed, retrying with forced JWKS refresh
JWT verify failed: Unsupported "alg" value for a JSON Web Key Set
verifyToken: attempting jwtVerify (source=cookie:__Secure-better-auth.session_data)
verifyToken: jwtVerify initial failed, retrying with forced JWKS refresh
JWT verify failed: Unsupported "alg" value for a JSON Web Key Set
verifyToken: token appears opaque, calling get-session as fallback
verifyToken: attached session (opaque token) for email=asikk2925@gmail.com
verifyToken: token appears opaque, calling get-session as fallback
verifyToken: attached session (opaque token) for email=asikk2925@gmail.com
verifyToken: attempting jwtVerify (source=cookie:better-auth.session_data)
verifyToken: token appears opaque, calling get-session as fallback
verifyToken: jwtVerify initial failed, retrying with forced JWKS refresh
verifyToken: attached session (opaque token) for email=asikk2925@gmail.com
verifyToken: token appears opaque, calling get-session as fallback
verifyToken: attached session (opaque token) for email=asikk2925@gmail.com
JWT verify failed: Unsupported "alg" value for a JSON Web Key Set
verifyToken: attempting jwtVerify (source=cookie:better-auth.session_data)
verifyToken: jwtVerify initial failed, retrying with forced JWKS refresh
JWT verify failed: Unsupported "alg" value for a JSON Web Key Set
verifyToken: token appears opaque, calling get-session as fallback
verifyToken: attached session (opaque token) for email=asikk2925@gmail.com
verifyToken: token appears opaque, calling get-session as fallback
verifyToken: attached session (opaque token) for email=asikk2925@gmail.com
verifyToken: token appears opaque, calling get-session as fallback
verifyToken: attached session (opaque token) for email=asikk2925@gmail.com
verifyToken: token appears opaque, calling get-session as fallback
verifyToken: attached session (opaque token) for email=asikk2925@gmail.com
verifyToken: token appears opaque, calling get-session as fallback
verifyToken: attached session (opaque token) for email=asikk2925@gmail.com
verifyToken: token appears opaque, calling get-session as fallback
verifyToken: attached session (opaque token) for email=asikk2925@gmail.com
verifyToken: token appears opaque, calling get-session as fallback
verifyToken: attached session (opaque token) for email=asikk2925@gmail.com
verifyToken: token appears opaque, calling get-session as fallback
verifyToken: attached session (opaque token) for email=asikk2925@gmail.com
verifyToken: token appears opaque, calling get-session as fallback
verifyToken: attached session (opaque token) for email=asikk2925@gmail.com
verifyToken: token appears opaque, calling get-session as fallback
verifyToken: attached session (opaque token) for email=asikk2925@gmail.com
Restarting 'index.js'
◇ injected env (6) from .env // tip: ◈ secrets for agents [www.dotenvx.com]
Stripe configured: true
AUTH_SERVER_URL is set to: http://localhost:3000
Connected to MongoDB!
Server running on port 5000
